Loading .env from: C:\Users\kshit\Desktop\code\Catalance\backend\.env
[Firebase Admin] Initialized without service account (FCM won't work)
node : file:///C:/User
s/kshit/Desktop/code/C
atalance/backend/src/r
outes/index.js:22
At line:1 char:1
+ node src/index.js > 
error_log.txt 2>&1
+ ~~~~~~~~~~~~~~~~~~~~
~~~~~~~~~~~~~~~~~~
    + CategoryInfo    
          : NotSpeci  
  fied: (file:///C:   
 /User...tes/index    
.js:22:String) []    
, RemoteException
    + FullyQualifiedE 
   rrorId : NativeCo  
  mmandError
 
apiRouter.use("/admin"
, adminRouter);
                      
  ^

ReferenceError: 
adminRouter is not 
defined
    at file:///C:/User
s/kshit/Desktop/code/C
atalance/backend/src/r
outes/index.js:22:25
    at ModuleJob.run (
node:internal/modules/
esm/module_job:377:25)
    at async onImport.
tracePromise.__proto__
 (node:internal/module
s/esm/loader:671:26)
    at async asyncRunE
ntryPointWithESMLoader
 (node:internal/module
s/run_main:101:5)

Node.js v24.11.1
